Archive member included to satisfy reference by file (symbol)

C:/devkitpro/libgba/lib\libgba.a(CpuSet.o)
                              template.o (CpuFastSet)
C:/devkitpro/libgba/lib\libgba.a(interrupt.o)
                              template.o (irqInit)
C:/devkitpro/libgba/lib\libgba.a(InterruptDispatcher.o)
                              C:/devkitpro/libgba/lib\libgba.a(interrupt.o) (IntrMain)
C:/devkitpro/devkitARM/bin/../lib/gcc/arm-none-eabi/15.2.0/thumb\libgcc.a(_sync_none.o)
                              (__sync_synchronize_none)
C:/devkitpro/devkitARM/bin/../lib/gcc/arm-none-eabi/15.2.0/../../../../arm-none-eabi/lib/thumb\libg.a(libc_a-memset.o)
                              template.o (memset)
C:/devkitpro/devkitARM/bin/../lib/gcc/arm-none-eabi/15.2.0/../../../../arm-none-eabi/lib/thumb\libg.a(libc_a-init.o)
                              C:/devkitpro/devkitARM/bin/../lib/gcc/arm-none-eabi/15.2.0/../../../../arm-none-eabi/lib/thumb/gba_crt0.o (__libc_init_array)
C:/devkitpro/devkitARM/bin/../lib/gcc/arm-none-eabi/15.2.0/../../../../arm-none-eabi/lib/thumb\libsysbase.a(libsysbase_libsysbase_a-malloc_vars.o)
                              C:/devkitpro/devkitARM/bin/../lib/gcc/arm-none-eabi/15.2.0/../../../../arm-none-eabi/lib/thumb/gba_crt0.o (fake_heap_end)

Discarded input sections

 .text          0x00000000        0x0 C:/devkitpro/devkitARM/bin/../lib/gcc/arm-none-eabi/15.2.0/../../../../arm-none-eabi/lib/thumb/gba_crt0.o
 .data          0x00000000        0x0 C:/devkitpro/devkitARM/bin/../lib/gcc/arm-none-eabi/15.2.0/../../../../arm-none-eabi/lib/thumb/gba_crt0.o
 .bss           0x00000000        0x0 C:/devkitpro/devkitARM/bin/../lib/gcc/arm-none-eabi/15.2.0/../../../../arm-none-eabi/lib/thumb/gba_crt0.o
 .text          0x00000000        0x0 C:/devkitpro/devkitARM/bin/../lib/gcc/arm-none-eabi/15.2.0/thumb/crti.o
 .data          0x00000000        0x0 C:/devkitpro/devkitARM/bin/../lib/gcc/arm-none-eabi/15.2.0/thumb/crti.o
 .bss           0x00000000        0x0 C:/devkitpro/devkitARM/bin/../lib/gcc/arm-none-eabi/15.2.0/thumb/crti.o
 .text          0x00000000        0x0 C:/devkitpro/devkitARM/bin/../lib/gcc/arm-none-eabi/15.2.0/thumb/crtbegin.o
 .data          0x00000000        0x0 C:/devkitpro/devkitARM/bin/../lib/gcc/arm-none-eabi/15.2.0/thumb/crtbegin.o
 .bss           0x00000000        0x0 C:/devkitpro/devkitARM/bin/../lib/gcc/arm-none-eabi/15.2.0/thumb/crtbegin.o
 .rodata.all_implied_fbits
                0x00000000       0x24 C:/devkitpro/devkitARM/bin/../lib/gcc/arm-none-eabi/15.2.0/thumb/crtbegin.o
 .data.__dso_handle
                0x00000000        0x4 C:/devkitpro/devkitARM/bin/../lib/gcc/arm-none-eabi/15.2.0/thumb/crtbegin.o
 .data          0x00000000        0x0 template.o
 .bss           0x00000000        0x0 template.o
 .text          0x00000000        0x0 tiles.o
 .data          0x00000000        0x0 tiles.o
 .bss           0x00000000        0x0 tiles.o
 .data          0x00000000        0x0 C:/devkitpro/libgba/lib\libgba.a(CpuSet.o)
 .bss           0x00000000        0x0 C:/devkitpro/libgba/lib\libgba.a(CpuSet.o)
 .data          0x00000000        0x0 C:/devkitpro/libgba/lib\libgba.a(interrupt.o)
 .text          0x00000000        0x0 C:/devkitpro/libgba/lib\libgba.a(InterruptDispatcher.o)
 .data          0x00000000        0x0 C:/devkitpro/libgba/lib\libgba.a(InterruptDispatcher.o)
 .bss           0x00000000        0x0 C:/devkitpro/libgba/lib\libgba.a(InterruptDispatcher.o)
 .text          0x00000000        0x4 C:/devkitpro/devkitARM/bin/../lib/gcc/arm-none-eabi/15.2.0/thumb\libgcc.a(_sync_none.o)
 .data          0x00000000        0x0 C:/devkitpro/devkitARM/bin/../lib/gcc/arm-none-eabi/15.2.0/thumb\libgcc.a(_sync_none.o)
 .bss           0x00000000        0x0 C:/devkitpro/devkitARM/bin/../lib/gcc/arm-none-eabi/15.2.0/thumb\libgcc.a(_sync_none.o)
 .debug_line    0x00000000       0x4a C:/devkitpro/devkitARM/bin/../lib/gcc/arm-none-eabi/15.2.0/thumb\libgcc.a(_sync_none.o)
 .debug_line_str
                0x00000000       0xcd C:/devkitpro/devkitARM/bin/../lib/gcc/arm-none-eabi/15.2.0/thumb\libgcc.a(_sync_none.o)
 .debug_info    0x00000000       0x31 C:/devkitpro/devkitARM/bin/../lib/gcc/arm-none-eabi/15.2.0/thumb\libgcc.a(_sync_none.o)
 .debug_abbrev  0x00000000       0x28 C:/devkitpro/devkitARM/bin/../lib/gcc/arm-none-eabi/15.2.0/thumb\libgcc.a(_sync_none.o)
 .debug_aranges
                0x00000000       0x20 C:/devkitpro/devkitARM/bin/../lib/gcc/arm-none-eabi/15.2.0/thumb\libgcc.a(_sync_none.o)
 .debug_str     0x00000000       0xf3 C:/devkitpro/devkitARM/bin/../lib/gcc/arm-none-eabi/15.2.0/thumb\libgcc.a(_sync_none.o)
 .text          0x00000000        0x0 C:/devkitpro/devkitARM/bin/../lib/gcc/arm-none-eabi/15.2.0/../../../../arm-none-eabi/lib/thumb\libg.a(libc_a-memset.o)
 .data          0x00000000        0x0 C:/devkitpro/devkitARM/bin/../lib/gcc/arm-none-eabi/15.2.0/../../../../arm-none-eabi/lib/thumb\libg.a(libc_a-memset.o)
 .bss           0x00000000        0x0 C:/devkitpro/devkitARM/bin/../lib/gcc/arm-none-eabi/15.2.0/../../../../arm-none-eabi/lib/thumb\libg.a(libc_a-memset.o)
 .text          0x00000000        0x0 C:/devkitpro/devkitARM/bin/../lib/gcc/arm-none-eabi/15.2.0/../../../../arm-none-eabi/lib/thumb\libg.a(libc_a-init.o)
 .data          0x00000000        0x0 C:/devkitpro/devkitARM/bin/../lib/gcc/arm-none-eabi/15.2.0/../../../../arm-none-eabi/lib/thumb\libg.a(libc_a-init.o)
 .bss           0x00000000        0x0 C:/devkitpro/devkitARM/bin/../lib/gcc/arm-none-eabi/15.2.0/../../../../arm-none-eabi/lib/thumb\libg.a(libc_a-init.o)
 .text          0x00000000        0x0 C:/devkitpro/devkitARM/bin/../lib/gcc/arm-none-eabi/15.2.0/../../../../arm-none-eabi/lib/thumb\libsysbase.a(libsysbase_libsysbase_a-malloc_vars.o)
 .data          0x00000000        0x0 C:/devkitpro/devkitARM/bin/../lib/gcc/arm-none-eabi/15.2.0/../../../../arm-none-eabi/lib/thumb\libsysbase.a(libsysbase_libsysbase_a-malloc_vars.o)
 .bss           0x00000000        0x0 C:/devkitpro/devkitARM/bin/../lib/gcc/arm-none-eabi/15.2.0/../../../../arm-none-eabi/lib/thumb\libsysbase.a(libsysbase_libsysbase_a-malloc_vars.o)
 .bss.fake_heap_start
                0x00000000        0x4 C:/devkitpro/devkitARM/bin/../lib/gcc/arm-none-eabi/15.2.0/../../../../arm-none-eabi/lib/thumb\libsysbase.a(libsysbase_libsysbase_a-malloc_vars.o)
 .text          0x00000000        0x0 C:/devkitpro/devkitARM/bin/../lib/gcc/arm-none-eabi/15.2.0/thumb/crtend.o
 .data          0x00000000        0x0 C:/devkitpro/devkitARM/bin/../lib/gcc/arm-none-eabi/15.2.0/thumb/crtend.o
 .bss           0x00000000        0x0 C:/devkitpro/devkitARM/bin/../lib/gcc/arm-none-eabi/15.2.0/thumb/crtend.o
 .rodata.all_implied_fbits
                0x00000000       0x24 C:/devkitpro/devkitARM/bin/../lib/gcc/arm-none-eabi/15.2.0/thumb/crtend.o
 .text          0x00000000        0x0 C:/devkitpro/devkitARM/bin/../lib/gcc/arm-none-eabi/15.2.0/thumb/crtn.o
 .data          0x00000000        0x0 C:/devkitpro/devkitARM/bin/../lib/gcc/arm-none-eabi/15.2.0/thumb/crtn.o
 .bss           0x00000000        0x0 C:/devkitpro/devkitARM/bin/../lib/gcc/arm-none-eabi/15.2.0/thumb/crtn.o

Memory Configuration

Name             Origin             Length             Attributes
rom              0x08000000         0x02000000
iwram            0x03000000         0x00008000
ewram            0x02000000         0x00040000
*default*        0x00000000         0xffffffff

Linker script and memory map

                0x00000000                        __sync_synchronize = __sync_synchronize_none
                0x08000000                        __text_start = ORIGIN (rom)
                0x02040000                        __eheap_end = (ORIGIN (ewram) + LENGTH (ewram))
                0x03000000                        __iwram_start = ORIGIN (iwram)
                0x03008000                        __iwram_top = (ORIGIN (iwram) + LENGTH (iwram))
                0x03007fa0                        __sp_irq = (__iwram_top - 0x60)
                0x03007f00                        __sp_usr = (__sp_irq - 0xa0)
                0x03007ff8                        __irq_flags = 0x3007ff8
                0x08000000                        . = __text_start

.crt0           0x08000000      0x210
 *(.crt0)
 .crt0          0x08000000      0x210 C:/devkitpro/devkitARM/bin/../lib/gcc/arm-none-eabi/15.2.0/../../../../arm-none-eabi/lib/thumb/gba_crt0.o
                0x08000000                _start
                0x080000c4                __boot_method
                0x080000c5                __slave_number
                0x080000e0                start_vector
                0x08000210                        . = ALIGN (0x4)

.init           0x08000210        0xc
 *(SORT_NONE(.init))
 .init          0x08000210        0x4 C:/devkitpro/devkitARM/bin/../lib/gcc/arm-none-eabi/15.2.0/thumb/crti.o
                0x08000210                _init
 .init          0x08000214        0x8 C:/devkitpro/devkitARM/bin/../lib/gcc/arm-none-eabi/15.2.0/thumb/crtn.o

.plt            0x0800021c        0x0
 *(.plt)
                0x0800021c                        . = ALIGN (0x4)

.text           0x0800021c      0x874
 *(EXCLUDE_FILE(*.iwram*) .text*)
 .text.__do_global_dtors_aux
                0x0800021c       0x2c C:/devkitpro/devkitARM/bin/../lib/gcc/arm-none-eabi/15.2.0/thumb/crtbegin.o
 .text.frame_dummy
                0x08000248       0x24 C:/devkitpro/devkitARM/bin/../lib/gcc/arm-none-eabi/15.2.0/thumb/crtbegin.o
 .text          0x0800026c      0x154 template.o
                0x0800026c                isSolid
 .text.startup  0x080003c0      0x224 template.o
                0x080003c0                main
 .text          0x080005e4        0x8 C:/devkitpro/libgba/lib\libgba.a(CpuSet.o)
                0x080005e4                CpuSet
                0x080005e8                CpuFastSet
 .text          0x080005ec      0x3c4 C:/devkitpro/libgba/lib\libgba.a(interrupt.o)
                0x080005ec                dummy
                0x080005f0                InitInterrupt
                0x0800064c                irqInit
                0x080006a8                SetInterrupt
                0x08000790                irqSet
                0x08000878                EnableInterrupt
                0x080008c4                irqEnable
                0x08000918                DisableInterrupt
                0x08000964                irqDisable
 .text.memset   0x080009b0       0x8c C:/devkitpro/devkitARM/bin/../lib/gcc/arm-none-eabi/15.2.0/../../../../arm-none-eabi/lib/thumb\libg.a(libc_a-memset.o)
                0x080009b0                memset
 .text.__libc_init_array
                0x08000a3c       0x54 C:/devkitpro/devkitARM/bin/../lib/gcc/arm-none-eabi/15.2.0/../../../../arm-none-eabi/lib/thumb\libg.a(libc_a-init.o)
                0x08000a3c                __libc_init_array
 *(.gnu.linkonce.t.*)
 *(.text.*personality*)
 *(.gnu.warning)
 *(.glue_7t)
 .glue_7t       0x08000a90        0x0 linker stubs
 *(.glue_7)
 .glue_7        0x08000a90        0x0 linker stubs
 *(.vfp11_veneer)
 .vfp11_veneer  0x08000a90        0x0 linker stubs
                0x08000a90                        . = ALIGN (0x4)
                0x08000a90                        __text_end = .

.v4_bx          0x08000a90        0x0
 .v4_bx         0x08000a90        0x0 linker stubs

.iplt           0x08000a90        0x0
 .iplt          0x08000a90        0x0 C:/devkitpro/devkitARM/bin/../lib/gcc/arm-none-eabi/15.2.0/../../../../arm-none-eabi/lib/thumb/gba_crt0.o

.fini           0x08000a90        0xc
 *(.fini)
 .fini          0x08000a90        0x4 C:/devkitpro/devkitARM/bin/../lib/gcc/arm-none-eabi/15.2.0/thumb/crti.o
                0x08000a90                _fini
 .fini          0x08000a94        0x8 C:/devkitpro/devkitARM/bin/../lib/gcc/arm-none-eabi/15.2.0/thumb/crtn.o
                0x08000a9c                        . = ALIGN (0x4)

.rodata         0x08000a9c     0x8ea0
 *(.rodata)
 .rodata        0x08000a9c     0x20a0 template.o
                0x08000a9c                playerPal
                0x08000abc                playerTiles
                0x08000b3c                townMap
 .rodata        0x08002b3c     0x6e00 tiles.o
                0x08002b3c                tilesPal
                0x08002d3c                tilesTiles
 *all.rodata*(*)
 *(.roda)
 *(.rodata.*)
 *(.gnu.linkonce.r*)
                0x0800993c                        . = ALIGN (0x4)

.ARM.extab
 *(.ARM.extab* .gnu.linkonce.armextab.*)
                0x0800993c                        __exidx_start = .

.ARM.exidx
 *(.ARM.exidx* .gnu.linkonce.armexidx.*)
                0x0800993c                        __exidx_end = .

.ctors          0x0800993c        0x0
 *crtbegin.o(.ctors)
 *(EXCLUDE_FILE(*crtend.o) .ctors)
 *(SORT_BY_NAME(.ctors.*))
 *(.ctors)
                0x0800993c                        . = ALIGN (0x4)

.dtors          0x0800993c        0x0
 *crtbegin.o(.dtors)
 *(EXCLUDE_FILE(*crtend.o) .dtors)
 *(SORT_BY_NAME(.dtors.*))
 *(.dtors)
                0x0800993c                        . = ALIGN (0x4)

.eh_frame       0x0800993c        0x4
 *(.eh_frame)
 .eh_frame      0x0800993c        0x0 C:/devkitpro/devkitARM/bin/../lib/gcc/arm-none-eabi/15.2.0/thumb/crtbegin.o
 .eh_frame      0x0800993c        0x4 C:/devkitpro/devkitARM/bin/../lib/gcc/arm-none-eabi/15.2.0/thumb/crtend.o
                0x08009940                        . = ALIGN (0x4)

.gcc_except_table
                0x08009940        0x0
 *(.gcc_except_table)
                0x08009940                        . = ALIGN (0x4)
                0x08009940                        __iwram_lma = .

.iwram          0x03000000       0xb8 load address 0x08009940
                0x03000000                        __iwram_start__ = ABSOLUTE (.)
 *(.iwram .iwram*)
 .iwram         0x03000000       0xb8 C:/devkitpro/libgba/lib\libgba.a(InterruptDispatcher.o)
                0x03000000                IntrMain
 *iwram.*(.text* .data*)
                0x030000b8                        . = ALIGN (0x4)
                0x030000b8                        __iwram_end__ = ABSOLUTE (.)
                0x080099f8                        __data_lma = (__iwram_lma + SIZEOF (.iwram))

.bss            0x030000b8       0x98
                0x030000b8                        __bss_start = ABSOLUTE (.)
                0x030000b8                        __bss_start__ = ABSOLUTE (.)
 *(.dynbss)
 *(.gnu.linkonce.b*)
 *(.bss*)
 .bss.completed.1
                0x030000b8        0x1 C:/devkitpro/devkitARM/bin/../lib/gcc/arm-none-eabi/15.2.0/thumb/crtbegin.o
 *fill*         0x030000b9        0x3 
 .bss.object.0  0x030000bc       0x18 C:/devkitpro/devkitARM/bin/../lib/gcc/arm-none-eabi/15.2.0/thumb/crtbegin.o
 .bss           0x030000d4       0x78 C:/devkitpro/libgba/lib\libgba.a(interrupt.o)
                0x030000d4                IntrTable
 .bss.fake_heap_end
                0x0300014c        0x4 C:/devkitpro/devkitARM/bin/../lib/gcc/arm-none-eabi/15.2.0/../../../../arm-none-eabi/lib/thumb\libsysbase.a(libsysbase_libsysbase_a-malloc_vars.o)
                0x0300014c                fake_heap_end
 *(COMMON)
                0x03000150                        . = ALIGN (0x4)
                0x03000150                        __bss_end__ = ABSOLUTE (.)

.data           0x03000150        0x0 load address 0x080099f8
                0x03000150                        __data_start__ = ABSOLUTE (.)
 *(.data*)
 *(.gnu.linkonce.d*)
                0x03000150                        . = ALIGN (0x4)
                0x080099f8                        __preinit_lma = (__data_lma + SIZEOF (.data))

.igot.plt       0x030000b8        0x0 load address 0x080099f8
 .igot.plt      0x030000b8        0x0 C:/devkitpro/devkitARM/bin/../lib/gcc/arm-none-eabi/15.2.0/../../../../arm-none-eabi/lib/thumb/gba_crt0.o

.preinit_array  0x03000150        0x0 load address 0x080099f8
                0x03000150                        __preinit_array_start = ABSOLUTE (.)
 *(.preinit_array)
                0x03000150                        __preinit_array_end = ABSOLUTE (.)
                0x080099f8                        __init_lma = (__preinit_lma + SIZEOF (.preinit_array))

.init_array     0x03000150        0x4 load address 0x080099f8
                0x03000150                        __init_array_start = ABSOLUTE (.)
 *(SORT_BY_NAME(.init_array.*))
 *(.init_array)
 .init_array    0x03000150        0x4 C:/devkitpro/devkitARM/bin/../lib/gcc/arm-none-eabi/15.2.0/thumb/crtbegin.o
                0x03000154                        __init_array_end = ABSOLUTE (.)
                0x080099fc                        __fini_lma = (__init_lma + SIZEOF (.init_array))

.fini_array     0x03000154        0x4 load address 0x080099fc
                0x03000154                        __fini_array_start = ABSOLUTE (.)
 *(SORT_BY_NAME(.fini_array.*))
 *(.fini_array)
 .fini_array    0x03000154        0x4 C:/devkitpro/devkitARM/bin/../lib/gcc/arm-none-eabi/15.2.0/thumb/crtbegin.o
                0x03000158                        __fini_array_end = ABSOLUTE (.)
                0x08009a00                        __jcr_lma = (__fini_lma + SIZEOF (.fini_array))

.jcr
 *(.jcr)
                0x03000158                        __data_end__ = ABSOLUTE (.)
                0x08009a00                        __iwram_overlay_lma = (__jcr_lma + SIZEOF (.jcr))
                0x03000158                        __iwram_overlay_start = .

.iwram0         0x03000158        0x0 load address 0x08009a00
 *(.iwram0)
                0x03000158                        . = ALIGN (0x4)
                0x08009a00                        PROVIDE (__load_start_iwram0 = LOADADDR (.iwram0))
                0x08009a00                        PROVIDE (__load_stop_iwram0 = (LOADADDR (.iwram0) + SIZEOF (.iwram0)))

.iwram1         0x03000158        0x0
 *(.iwram1)
                0x03000158                        . = ALIGN (0x4)
                [!provide]                        PROVIDE (__load_start_iwram1 = LOADADDR (.iwram1))
                [!provide]                        PROVIDE (__load_stop_iwram1 = (LOADADDR (.iwram1) + SIZEOF (.iwram1)))

.iwram2         0x03000158        0x0
 *(.iwram2)
                0x03000158                        . = ALIGN (0x4)
                [!provide]                        PROVIDE (__load_start_iwram2 = LOADADDR (.iwram2))
                [!provide]                        PROVIDE (__load_stop_iwram2 = (LOADADDR (.iwram2) + SIZEOF (.iwram2)))

.iwram3         0x03000158        0x0
 *(.iwram3)
                0x03000158                        . = ALIGN (0x4)
                [!provide]                        PROVIDE (__load_start_iwram3 = LOADADDR (.iwram3))
                [!provide]                        PROVIDE (__load_stop_iwram3 = (LOADADDR (.iwram3) + SIZEOF (.iwram3)))

.iwram4         0x03000158        0x0
 *(.iwram4)
                0x03000158                        . = ALIGN (0x4)
                [!provide]                        PROVIDE (__load_start_iwram4 = LOADADDR (.iwram4))
                [!provide]                        PROVIDE (__load_stop_iwram4 = (LOADADDR (.iwram4) + SIZEOF (.iwram4)))

.iwram5         0x03000158        0x0
 *(.iwram5)
                0x03000158                        . = ALIGN (0x4)
                [!provide]                        PROVIDE (__load_start_iwram5 = LOADADDR (.iwram5))
                [!provide]                        PROVIDE (__load_stop_iwram5 = (LOADADDR (.iwram5) + SIZEOF (.iwram5)))

.iwram6         0x03000158        0x0
 *(.iwram6)
                0x03000158                        . = ALIGN (0x4)
                [!provide]                        PROVIDE (__load_start_iwram6 = LOADADDR (.iwram6))
                [!provide]                        PROVIDE (__load_stop_iwram6 = (LOADADDR (.iwram6) + SIZEOF (.iwram6)))

.iwram7         0x03000158        0x0
 *(.iwram7)
                0x03000158                        . = ALIGN (0x4)
                [!provide]                        PROVIDE (__load_start_iwram7 = LOADADDR (.iwram7))
                [!provide]                        PROVIDE (__load_stop_iwram7 = (LOADADDR (.iwram7) + SIZEOF (.iwram7)))

.iwram8         0x03000158        0x0
 *(.iwram8)
                0x03000158                        . = ALIGN (0x4)
                [!provide]                        PROVIDE (__load_start_iwram8 = LOADADDR (.iwram8))
                [!provide]                        PROVIDE (__load_stop_iwram8 = (LOADADDR (.iwram8) + SIZEOF (.iwram8)))

.iwram9         0x03000158        0x0
 *(.iwram9)
                0x03000158                        . = ALIGN (0x4)
                [!provide]                        PROVIDE (__load_start_iwram9 = LOADADDR (.iwram9))
                [!provide]                        PROVIDE (__load_stop_iwram9 = (LOADADDR (.iwram9) + SIZEOF (.iwram9)))
                0x03000158                        __iwram_overlay_end = .
                0x08009a00                        __ewram_lma = (__iwram_overlay_lma + (__iwram_overlay_end - __iwram_overlay_start))
                0x03000158                        __iheap_start = .
                0x02000000                        __ewram_start = ORIGIN (ewram)

.ewram          0x02000000        0x0 load address 0x08009a00
 *(.ewram*)
                0x02000000                        . = ALIGN (0x4)
                0x02000000                        __ewram_end = ABSOLUTE (.)
                0x08009a00                        __pad_lma = (__ewram_lma + SIZEOF (.ewram))

.sbss           0x02000000        0x0
                0x02000000                        __sbss_start__ = ABSOLUTE (.)
 *(.sbss*)
                0x02000000                        . = ALIGN (0x4)
                0x02000000                        __sbss_end__ = ABSOLUTE (.)
                0x02000000                        __end__ = ABSOLUTE (.)
                0x02000000                        __eheap_start = ABSOLUTE (.)

.pad            0x02000000        0x8 load address 0x08009a00
                0x02000000        0x4 LONG 0x52416b64
                0x02000004        0x4 LONG 0x4d
                0x02000008                        . = ALIGN (0x4)
                0x08009a08                        __rom_end__ = (__pad_lma + SIZEOF (.pad))

.rel.dyn        0x02000008        0x0 load address 0x08009a08
 .rel.iplt      0x02000008        0x0 C:/devkitpro/devkitARM/bin/../lib/gcc/arm-none-eabi/15.2.0/../../../../arm-none-eabi/lib/thumb/gba_crt0.o

.stab
 *(.stab)

.stabstr
 *(.stabstr)

.stab.excl
 *(.stab.excl)

.stab.exclstr
 *(.stab.exclstr)

.stab.index
 *(.stab.index)

.stab.indexstr
 *(.stab.indexstr)

.comment        0x00000000       0x3b
 *(.comment)
 .comment       0x00000000       0x3b C:/devkitpro/devkitARM/bin/../lib/gcc/arm-none-eabi/15.2.0/thumb/crtbegin.o
                                 0x19 (size before relaxing)
 .comment       0x0000003b        0x0 template.o
                                 0x19 (size before relaxing)
 .comment       0x0000003b        0x0 tiles.o
                                 0x19 (size before relaxing)
 .comment       0x0000003b        0x0 C:/devkitpro/libgba/lib\libgba.a(CpuSet.o)
                                 0x24 (size before relaxing)
 .comment       0x0000003b        0x0 C:/devkitpro/libgba/lib\libgba.a(interrupt.o)
                                 0x24 (size before relaxing)
 .comment       0x0000003b        0x0 C:/devkitpro/devkitARM/bin/../lib/gcc/arm-none-eabi/15.2.0/thumb/crtend.o
                                 0x19 (size before relaxing)

.debug
 *(.debug)

.line
 *(.line)

.debug_srcinfo
 *(.debug_srcinfo)

.debug_sfnames
 *(.debug_sfnames)

.debug_aranges  0x00000000       0xa0
 *(.debug_aranges)
 .debug_aranges
                0x00000000       0x28 template.o
 .debug_aranges
                0x00000028       0x18 tiles.o
 .debug_aranges
                0x00000040       0x20 C:/devkitpro/libgba/lib\libgba.a(CpuSet.o)
 .debug_aranges
                0x00000060       0x20 C:/devkitpro/libgba/lib\libgba.a(interrupt.o)
 .debug_aranges
                0x00000080       0x20 C:/devkitpro/libgba/lib\libgba.a(InterruptDispatcher.o)

.debug_pubnames
 *(.debug_pubnames)

.debug_info     0x00000000      0xc18
 *(.debug_info)
 .debug_info    0x00000000      0x61b template.o
 .debug_info    0x0000061b       0x8a tiles.o
 .debug_info    0x000006a5      0x136 C:/devkitpro/libgba/lib\libgba.a(CpuSet.o)
 .debug_info    0x000007db      0x418 C:/devkitpro/libgba/lib\libgba.a(interrupt.o)
 .debug_info    0x00000bf3       0x25 C:/devkitpro/libgba/lib\libgba.a(InterruptDispatcher.o)

.debug_abbrev   0x00000000      0x583
 *(.debug_abbrev)
 .debug_abbrev  0x00000000      0x240 template.o
 .debug_abbrev  0x00000240       0x6a tiles.o
 .debug_abbrev  0x000002aa       0xa6 C:/devkitpro/libgba/lib\libgba.a(CpuSet.o)
 .debug_abbrev  0x00000350      0x21f C:/devkitpro/libgba/lib\libgba.a(interrupt.o)
 .debug_abbrev  0x0000056f       0x14 C:/devkitpro/libgba/lib\libgba.a(InterruptDispatcher.o)

.debug_line     0x00000000     0x115b
 *(.debug_line)
 .debug_line    0x00000000      0x5bd template.o
 .debug_line    0x000005bd       0x58 tiles.o
 .debug_line    0x00000615      0x17e C:/devkitpro/libgba/lib\libgba.a(CpuSet.o)
 .debug_line    0x00000793      0x950 C:/devkitpro/libgba/lib\libgba.a(interrupt.o)
 .debug_line    0x000010e3       0x78 C:/devkitpro/libgba/lib\libgba.a(InterruptDispatcher.o)

.debug_frame    0x00000000      0x138
 *(.debug_frame)
 .debug_frame   0x00000000       0x58 template.o
 .debug_frame   0x00000058       0x30 C:/devkitpro/libgba/lib\libgba.a(CpuSet.o)
 .debug_frame   0x00000088       0xb0 C:/devkitpro/libgba/lib\libgba.a(interrupt.o)

.debug_str      0x00000000      0x603
 *(.debug_str)
 .debug_str     0x00000000      0x603 template.o
                                0x365 (size before relaxing)
 .debug_str     0x00000603        0x0 tiles.o
                                 0xf8 (size before relaxing)
 .debug_str     0x00000603        0x0 C:/devkitpro/libgba/lib\libgba.a(CpuSet.o)
                                0x1a9 (size before relaxing)
 .debug_str     0x00000603        0x0 C:/devkitpro/libgba/lib\libgba.a(interrupt.o)
                                0x334 (size before relaxing)
 .debug_str     0x00000603        0x0 C:/devkitpro/libgba/lib\libgba.a(InterruptDispatcher.o)
                                 0xba (size before relaxing)

.debug_loc
 *(.debug_loc)

.debug_macinfo
 *(.debug_macinfo)

.debug_weaknames
 *(.debug_weaknames)

.debug_funcnames
 *(.debug_funcnames)

.debug_typenames
 *(.debug_typenames)

.debug_varnames
 *(.debug_varnames)

.stack          0x00080000        0x0
                0x00080000                        _stack = .
 *(.stack)

.note.gnu.arm.ident
 *(.note.gnu.arm.ident)

.ARM.attributes
                0x00000000       0x2c
 *(.ARM.attributes)
 .ARM.attributes
                0x00000000       0x20 C:/devkitpro/devkitARM/bin/../lib/gcc/arm-none-eabi/15.2.0/../../../../arm-none-eabi/lib/thumb/gba_crt0.o
 .ARM.attributes
                0x00000020       0x1c C:/devkitpro/devkitARM/bin/../lib/gcc/arm-none-eabi/15.2.0/thumb/crti.o
 .ARM.attributes
                0x0000003c       0x2a C:/devkitpro/devkitARM/bin/../lib/gcc/arm-none-eabi/15.2.0/thumb/crtbegin.o
 .ARM.attributes
                0x00000066       0x2a template.o
 .ARM.attributes
                0x00000090       0x2a tiles.o
 .ARM.attributes
                0x000000ba       0x2a C:/devkitpro/libgba/lib\libgba.a(CpuSet.o)
 .ARM.attributes
                0x000000e4       0x2a C:/devkitpro/libgba/lib\libgba.a(interrupt.o)
 .ARM.attributes
                0x0000010e       0x1a C:/devkitpro/libgba/lib\libgba.a(InterruptDispatcher.o)
 .ARM.attributes
                0x00000128       0x1c C:/devkitpro/devkitARM/bin/../lib/gcc/arm-none-eabi/15.2.0/thumb\libgcc.a(_sync_none.o)
 .ARM.attributes
                0x00000144       0x2a C:/devkitpro/devkitARM/bin/../lib/gcc/arm-none-eabi/15.2.0/../../../../arm-none-eabi/lib/thumb\libg.a(libc_a-memset.o)
 .ARM.attributes
                0x0000016e       0x2a C:/devkitpro/devkitARM/bin/../lib/gcc/arm-none-eabi/15.2.0/../../../../arm-none-eabi/lib/thumb\libg.a(libc_a-init.o)
 .ARM.attributes
                0x00000198       0x2a C:/devkitpro/devkitARM/bin/../lib/gcc/arm-none-eabi/15.2.0/../../../../arm-none-eabi/lib/thumb\libsysbase.a(libsysbase_libsysbase_a-malloc_vars.o)
 .ARM.attributes
                0x000001c2       0x2a C:/devkitpro/devkitARM/bin/../lib/gcc/arm-none-eabi/15.2.0/thumb/crtend.o
 .ARM.attributes
                0x000001ec       0x1c C:/devkitpro/devkitARM/bin/../lib/gcc/arm-none-eabi/15.2.0/thumb/crtn.o

/DISCARD/
 *(.note.GNU-stack)
LOAD C:/devkitpro/devkitARM/bin/../lib/gcc/arm-none-eabi/15.2.0/../../../../arm-none-eabi/lib/thumb/gba_crt0.o
LOAD C:/devkitpro/devkitARM/bin/../lib/gcc/arm-none-eabi/15.2.0/thumb/crti.o
LOAD C:/devkitpro/devkitARM/bin/../lib/gcc/arm-none-eabi/15.2.0/thumb/crtbegin.o
LOAD template.o
LOAD tiles.o
LOAD C:/devkitpro/libgba/lib\libmm.a
LOAD C:/devkitpro/libgba/lib\libgba.a
START GROUP
LOAD C:/devkitpro/devkitARM/bin/../lib/gcc/arm-none-eabi/15.2.0/thumb\libgcc.a
LOAD C:/devkitpro/devkitARM/bin/../lib/gcc/arm-none-eabi/15.2.0/../../../../arm-none-eabi/lib/thumb\libg.a
LOAD C:/devkitpro/devkitARM/bin/../lib/gcc/arm-none-eabi/15.2.0/../../../../arm-none-eabi/lib/thumb\libc.a
LOAD C:/devkitpro/devkitARM/bin/../lib/gcc/arm-none-eabi/15.2.0/../../../../arm-none-eabi/lib/thumb\libsysbase.a
END GROUP
LOAD C:/devkitpro/devkitARM/bin/../lib/gcc/arm-none-eabi/15.2.0/thumb/crtend.o
LOAD C:/devkitpro/devkitARM/bin/../lib/gcc/arm-none-eabi/15.2.0/thumb/crtn.o
OUTPUT(C:/msys64/home/SHALOM/PokemonBlackNights/PokemonBlackNights.elf elf32-littlearm)
LOAD linker stubs

.debug_loclists
                0x00000000      0xf13
 .debug_loclists
                0x00000000      0xb65 template.o
 .debug_loclists
                0x00000b65       0xba C:/devkitpro/libgba/lib\libgba.a(CpuSet.o)
 .debug_loclists
                0x00000c1f      0x2f4 C:/devkitpro/libgba/lib\libgba.a(interrupt.o)

.debug_rnglists
                0x00000000      0x102
 .debug_rnglists
                0x00000000       0xac template.o
 .debug_rnglists
                0x000000ac       0x13 C:/devkitpro/libgba/lib\libgba.a(CpuSet.o)
 .debug_rnglists
                0x000000bf       0x43 C:/devkitpro/libgba/lib\libgba.a(interrupt.o)

.debug_line_str
                0x00000000       0xae
 .debug_line_str
                0x00000000       0xae C:/devkitpro/libgba/lib\libgba.a(InterruptDispatcher.o)
